
> marquese@0.1.0 build
> next build

Γû▓ Next.js 16.1.6 (Turbopack)
- Environments: .env

  Creating an optimized production build ...
Γ£ô Compiled successfully in 5.5s
  Running TypeScript ...
  Collecting page data using 19 workers ...
  Generating static pages using 19 workers (0/21) ...
  Generating static pages using 19 workers (5/21) 
  Generating static pages using 19 workers (10/21) 
  Generating static pages using 19 workers (15/21) 
Γ£ô Generating static pages using 19 workers (21/21) in 701.6ms
  Finalizing page optimization ...

Route (app)
Γöî Γùï /
Γö£ Γùï /_not-found
Γö£ Γùï /admin
Γö£ ╞Æ /api/analytics
Γö£ ╞Æ /api/track
Γö£ Γùï /apple-icon.png
Γö£ Γùï /blog
Γö£ Γùï /blog/kalyitero-barber-shop-kifisia
Γö£ Γùï /blog/mid-taper-fade
Γö£ Γùï /blog/paidiko-kourema-kifisia
Γö£ Γùï /blog/paradosiako-xyrisma
Γö£ Γùï /contact
Γö£ Γùï /gallery
Γö£ Γùï /icon.png
Γö£ Γùï /opengraph-image
Γö£ Γùï /reviews
Γö£ Γùï /robots.txt
Γö£ Γùï /services
Γöö Γùï /sitemap.xml


Γùï  (Static)   prerendered as static content
╞Æ  (Dynamic)  server-rendered on demand

